  Enemy.cpp
  EnemyManager.cpp
C:\Users\Usuari\Documents\GitHub\SuperMarioBros-NES\src\EnemyManager.cpp(66,18): warning C4267: 'initializing': conversion from 'size_t' to 'int', possible loss of data
  Entity.cpp
  Game.cpp
  Object.cpp
  Particle.cpp
  ParticleManager.cpp
  Player.cpp
C:\Users\Usuari\Documents\GitHub\SuperMarioBros-NES\src\Player.cpp(144,23): warning C4244: '=': conversion from 'float' to 'int', possible loss of data
C:\Users\Usuari\Documents\GitHub\SuperMarioBros-NES\src\Player.cpp(286,24): warning C4244: '+=': conversion from 'float' to 'int', possible loss of data
C:\Users\Usuari\Documents\GitHub\SuperMarioBros-NES\src\Player.cpp(344,25): warning C4244: '+=': conversion from 'double' to 'int', possible loss of data
  ResourceManager.cpp
  Scene.cpp
  Shot.cpp
  ShotManager.cpp
  Slime.cpp
C:\Users\Usuari\Documents\GitHub\SuperMarioBros-NES\src\Slime.cpp(109,13): warning C4244: '=': conversion from 'float' to 'int', possible loss of data
C:\Users\Usuari\Documents\GitHub\SuperMarioBros-NES\src\Slime.cpp(112,15): warning C4244: '-=': conversion from 'float' to 'int', possible loss of data
C:\Users\Usuari\Documents\GitHub\SuperMarioBros-NES\src\Slime.cpp(115,15): warning C4244: '+=': conversion from 'float' to 'int', possible loss of data
C:\Users\Usuari\Documents\GitHub\SuperMarioBros-NES\src\Slime.cpp(90,6): warning C4101: 'anim_id': unreferenced local variable
  Text.cpp
  TileMap.cpp
C:\Users\Usuari\Documents\GitHub\SuperMarioBros-NES\src\TileMap.cpp(381,12): warning C4101: 'rc': unreferenced local variable
  Turret.cpp
  main.cpp
  Generating code
  2 of 1033 functions ( 0.2%) were compiled, the rest were copied from previous compilation.
    0 functions were new in current compilation
    3 functions had inline decision re-evaluated but remain unchanged
  Finished generating code
  Vikings.vcxproj -> C:\Users\Usuari\Documents\GitHub\SuperMarioBros-NES\x64\Release\MarioBrosNES_NES.exe
